load("//bazel/ts:defs.bzl", "ts_library")

ts_library(
    name = "other",
    srcs = ["other.ts"],
    deps = [
        "//:node_modules/chalk",
        "//lib",
    ],
)
