load("//bazel/ts:defs.bzl", "ts_library")

ts_library(
    name = "scoped_package_test",
    srcs = ["test.ts"],
    deps = ["//:node_modules/@playwright/test"],
)
