load("//bazel/js:defs.bzl", "ts_binary")

ts_binary(
    name = "mixed",
    srcs = [
        "helper.js",
        "main.ts",
    ],
)
