load("//bazel/js:defs.bzl", "ts_binary")

ts_binary(
    name = "react",
    srcs = ["main.tsx"],
    deps = ["//:node_modules/react"],
)
