load("//bazel/js:js.bzl", "js_binary")

js_binary(
    name = "app",
    srcs = ["main.js"],
    deps = ["//lib"],
)
