load("//bazel/js:defs.bzl", "js_library")

js_library(
    name = "lib",
    srcs = ["utils.js"],
)
