load("//bazel/js:defs.bzl", "ts_library")

ts_library(
    name = "other",
    srcs = ["other.ts"],
    deps = ["//lib"],
)
