load("//bazel/js:defs.bzl", "ts_library")

ts_library(
    name = "lib",
    srcs = [
        "first.ts",
        "second.tsx",
    ],
    deps = [
        "//:node_modules/@types/react",
        "//:node_modules/react",
    ],
)
