load("//bazel/js:defs.bzl", "ts_binary")

ts_binary(
    name = "app",
    srcs = ["main.ts"],
    data = ["app.css"],
    deps = ["//lib"],
)
