load("//bazel/js:js.bzl", "jest_test", "js_library")

js_library(
    name = "jest_test",
    srcs = ["utils.js"],
)

jest_test(
    name = "utils_test",
    srcs = ["utils.spec.js"],
    deps = [":jest_test"],
)
