load("//bazel/js:defs.bzl", "ts_library")

ts_library(
    name = "lib",
    srcs = ["component.ts"],
    data = ["styles.css"],
)
