load("//bazel/js:defs.bzl", "ts_library")

ts_library(
    name = "nested",
    srcs = ["nested.ts"],
)
